// Jest Snapshot v1, https://goo.gl/fbAQLP

exports[`<SearchResults /> Should render self 1`] = `
<div
  class="SearchResults"
>
  <ul>
    <li>
      <div
        class="LexicalEntry"
      >
        <h4
          class="title is-4"
        >
          privacy
        </h4>
        <h5
          class="LexicalCategory is-italic title is-5 has-text-weight-light"
        >
          Noun
        </h5>
        <div
          class="Pronunciations"
        >
          <h6
            class="title is-6"
          >
            Pronunciations:
          </h6>
          <span>
            /
            <span>
              prɪvəsi
            </span>
            /
            <p>
              <span
                class="Dialects"
              >
                <span>
                  British English
                </span>
              </span>
              <button
                class="PlayAudioButton"
              >
                ►
              </button>
            </p>
          </span>
          <span>
            /
            <span>
              prʌɪvəsi
            </span>
            /
            <p>
              <span
                class="Dialects"
              >
                <span>
                  British English
                </span>
              </span>
            </p>
          </span>
        </div>
        <div>
          <h6
            class="title is-6"
          >
            Origin:
          </h6>
          <ul>
            <li>
              Lorem ipsum dolor sit amet, consectetuer adipiscing elit
            </li>
          </ul>
        </div>
      </div>
      <hr />
    </li>
  </ul>
</div>
`;
