// Jest Snapshot v1, https://goo.gl/fbAQLP

exports[`<LexicalEntry /> Should render self 1`] = `
<div
  class="LexicalEntry"
>
  <h4
    class="title is-4"
  >
    privacy
  </h4>
  <h5>
    Noun
  </h5>
  <div>
    <span>
      /
      <span>
        prɪvəsi
      </span>
      /
      <p>
        <span
          class="Dialects"
        >
          <span>
            British English
          </span>
        </span>
        <button
          class="PlayAudioButton"
        >
          ►
        </button>
      </p>
    </span>
    <span>
      /
      <span>
        prʌɪvəsi
      </span>
      /
      <p>
        <span
          class="Dialects"
        >
          <span>
            British English
          </span>
        </span>
      </p>
    </span>
  </div>
</div>
`;
